
> sheng-ledger@0.1.0 build
> next build

▲ Next.js 16.2.6 (Turbopack)
- Environments: .env.local

  Creating an optimized production build ...
✓ Compiled successfully in 10.7s
  Running TypeScript ...
  Finished TypeScript in 12.3s ...
  Collecting page data using 7 workers ...
  Generating static pages using 7 workers (0/9) ...
  Generating static pages using 7 workers (2/9) 
  Generating static pages using 7 workers (4/9) 
  Generating static pages using 7 workers (6/9) 
✓ Generating static pages using 7 workers (9/9) in 965ms
  Finalizing page optimization ...

Route (app)
┌ ○ /
├ ○ /_not-found
├ ○ /analysis
├ ƒ /api/ai-chat
├ ○ /fixed-expenses
├ ○ /profile
├ ○ /savings
└ ○ /transactions


○  (Static)   prerendered as static content
ƒ  (Dynamic)  server-rendered on demand

